.next/dev/types/validator.ts(1008,31): error TS2344: Type 'typeof import("C:/Users/Joshua/Downloads/intern-management-platform (2)/app/api/profiles/id/[id]/route")' does not satisfy the constraint 'RouteHandlerConfig<"/api/profiles/id/[id]">'.
  Types of property 'GET' are incompatible.
    Type '(request: Request, { params }: { params: { id: string; }; }) => Promise<NextResponse<any>>' is not assignable to type '(request: NextRequest, context: { params: Promise<{ id: string; }>; }) => void | Response | Promise<void | Response>'.
      Types of parameters '__1' and 'context' are incompatible.
        Type '{ params: Promise<{ id: string; }>; }' is not assignable to type '{ params: { id: string; }; }'.
          Types of property 'params' are incompatible.
            Property 'id' is missing in type 'Promise<{ id: string; }>' but required in type '{ id: string; }'.
.next/types/validator.ts(1008,31): error TS2344: Type 'typeof import("C:/Users/Joshua/Downloads/intern-management-platform (2)/app/api/profiles/id/[id]/route")' does not satisfy the constraint 'RouteHandlerConfig<"/api/profiles/id/[id]">'.
  Types of property 'GET' are incompatible.
    Type '(request: Request, { params }: { params: { id: string; }; }) => Promise<NextResponse<any>>' is not assignable to type '(request: NextRequest, context: { params: Promise<{ id: string; }>; }) => void | Response | Promise<void | Response>'.
      Types of parameters '__1' and 'context' are incompatible.
        Type '{ params: Promise<{ id: string; }>; }' is not assignable to type '{ params: { id: string; }; }'.
          Types of property 'params' are incompatible.
            Property 'id' is missing in type 'Promise<{ id: string; }>' but required in type '{ id: string; }'.
actions/bug-reports.ts(6,10): error TS2305: Module '"next/navigation"' has no exported member 'isRedirectError'.
actions/lms-analytics.ts(210,35): error TS2339: Property 'full_name' does not exist on type '{ full_name: any; }[]'.
actions/lms-analytics.ts(211,35): error TS2339: Property 'title' does not exist on type '{ title: any; }[]'.
actions/lms-analytics.ts(250,35): error TS2339: Property 'full_name' does not exist on type '{ full_name: any; }[]'.
actions/lms-analytics.ts(257,35): error TS2339: Property 'full_name' does not exist on type '{ full_name: any; }[]'.
actions/lms-analytics.ts(258,71): error TS2339: Property 'title' does not exist on type '{ title: any; }[]'.
actions/referrals.ts(7,10): error TS2305: Module '"next/navigation"' has no exported member 'isRedirectError'.
app/actions/calendar.ts(6,10): error TS2305: Module '"next/navigation"' has no exported member 'isRedirectError'.
app/actions/community.ts(6,10): error TS2305: Module '"next/navigation"' has no exported member 'isRedirectError'.
app/actions/profile.ts(5,10): error TS2305: Module '"next/navigation"' has no exported member 'isRedirectError'.
app/actions/rewards.ts(6,10): error TS2305: Module '"next/navigation"' has no exported member 'isRedirectError'.
app/actions/tasks.ts(6,10): error TS2305: Module '"next/navigation"' has no exported member 'isRedirectError'.
app/api/notifications/acknowledge/route.ts(60,15): error TS2304: Cannot find name 'broadcastNotificationStatusUpdate'.
app/dashboard/admin/community/page.tsx(119,17): error TS2769: No overload matches this call.
  The last overload gave the following error.
    Argument of type '"postgres_changes"' is not assignable to parameter of type '"system"'.
app/dashboard/admin/community/page.tsx(126,17): error TS2769: No overload matches this call.
  The last overload gave the following error.
    Argument of type '"postgres_changes"' is not assignable to parameter of type '"system"'.
app/dashboard/admin/community/page.tsx(682,57): error TS2339: Property 'created_at' does not exist on type 'NicheMembership'.
app/dashboard/admin/compliance/page.tsx(230,52): error TS2322: Type '"success" | "secondary"' is not assignable to type '"default" | "destructive" | "outline" | "secondary" | null | undefined'.
  Type '"success"' is not assignable to type '"default" | "destructive" | "outline" | "secondary" | null | undefined'.
app/dashboard/admin/portal-settings/page.tsx(27,3): error TS2300: Duplicate identifier 'rewards_enabled'.
app/dashboard/admin/portal-settings/page.tsx(28,3): error TS2300: Duplicate identifier 'rewards_enabled'.
app/dashboard/classroom/courses/[id]/lessons/[lessonId]/page.tsx(74,25): error TS2322: Type '(string | undefined)[]' is not assignable to type 'string | string[] | undefined'.
  Type '(string | undefined)[]' is not assignable to type 'string[]'.
    Type 'string | undefined' is not assignable to type 'string'.
      Type 'undefined' is not assignable to type 'string'.
app/dashboard/classroom/courses/[id]/lessons/[lessonId]/page.tsx(210,29): error TS2322: Type '{ prev: null; next: null; isLast?: undefined; isFirst?: undefined; currentIndex?: undefined; totalLessons?: undefined; } | { prev: { id: any; title: any; order_index: any; } | null; next: { id: any; title: any; order_index: any; } | null; isLast: boolean; isFirst: boolean; currentIndex: number; totalLessons: number; }' is not assignable to type '{ prev: any; next: any; isLast: boolean; isFirst: boolean; currentIndex: number; totalLessons: number; }'.
  Type '{ prev: null; next: null; isLast?: undefined; isFirst?: undefined; currentIndex?: undefined; totalLessons?: undefined; }' is not assignable to type '{ prev: any; next: any; isLast: boolean; isFirst: boolean; currentIndex: number; totalLessons: number; }'.
    Types of property 'isLast' are incompatible.
      Type 'undefined' is not assignable to type 'boolean'.
app/dashboard/page.tsx(133,9): error TS2322: Type '{ id: string; email: string; full_name: string; first_name: string; last_name: string; avatar_url: string | null; role: "intern" | "admin"; department: null; phone: null; bio: null; start_date: null; ... 10 more ...; auth_provider: string; }' is not assignable to type 'Profile'.
  Types of property 'auth_provider' are incompatible.
    Type 'string' is not assignable to type 'AuthProvider | null'.
app/dashboard/settings/page.tsx(37,27): error TS2739: Type '{ id: string; email: string | null; }' is missing the following properties from type 'User': app_metadata, user_metadata, aud, created_at
app/profile/[username]/page.tsx(41,9): error TS2322: Type 'FullProfile | null' is not assignable to type 'Profile | null'.
  Type 'FullProfile' is not assignable to type 'Profile'.
    Types of property 'skills' are incompatible.
      Type 'ProfileSkill[]' is not assignable to type 'string[]'.
        Type 'ProfileSkill' is not assignable to type 'string'.
app/profile/[username]/profile-page-client.tsx(117,25): error TS2322: Type 'FullProfile' is not assignable to type 'Profile'.
  Types of property 'skills' are incompatible.
    Type 'ProfileSkill[]' is not assignable to type 'string[]'.
      Type 'ProfileSkill' is not assignable to type 'string'.
app/profile/[username]/profile-page-client.tsx(127,42): error TS2322: Type 'FullProfile' is not assignable to type 'Profile'.
  Types of property 'skills' are incompatible.
    Type 'ProfileSkill[]' is not assignable to type 'string[]'.
      Type 'ProfileSkill' is not assignable to type 'string'.
app/profile/[username]/profile-page-client.tsx(177,21): error TS2322: Type 'FullProfile' is not assignable to type 'Profile'.
  Types of property 'skills' are incompatible.
    Type 'ProfileSkill[]' is not assignable to type 'string[]'.
      Type 'ProfileSkill' is not assignable to type 'string'.
app/super/settings-v2/page.tsx(163,46): error TS2304: Cannot find name 'Users'.
components/admin/classroom/course-manager.tsx(106,54): error TS2345: Argument of type '{ title: string; is_published: boolean; duration_minutes: number; level: "beginner" | "intermediate" | "advanced"; price: number; assignment_type: "selective" | "global"; description?: string | undefined; }' is not assignable to parameter of type '{ title: string; description: string; price: number; assignment_type: string; is_published: boolean; level: "beginner" | "intermediate" | "advanced"; duration_minutes: number; thumbnail_url?: string | undefined; }'.
  Types of property 'description' are incompatible.
    Type 'string | undefined' is not assignable to type 'string'.
      Type 'undefined' is not assignable to type 'string'.
components/admin/classroom/course-manager.tsx(113,51): error TS2345: Argument of type '{ title: string; is_published: boolean; duration_minutes: number; level: "beginner" | "intermediate" | "advanced"; price: number; assignment_type: "selective" | "global"; description?: string | undefined; }' is not assignable to parameter of type '{ title: string; description: string; price: number; assignment_type: string; is_published: boolean; level: "beginner" | "intermediate" | "advanced"; duration_minutes: number; thumbnail_url?: string | undefined; }'.
  Types of property 'description' are incompatible.
    Type 'string | undefined' is not assignable to type 'string'.
      Type 'undefined' is not assignable to type 'string'.
components/classroom/class-dashboard.tsx(267,64): error TS2322: Type '"success"' is not assignable to type '"default" | "destructive" | "outline" | "secondary" | null | undefined'.
components/classroom/quiz-engine.tsx(136,25): error TS18048: 'result.result' is possibly 'undefined'.
components/classroom/quiz-engine.tsx(137,24): error TS18048: 'result.result' is possibly 'undefined'.
components/dashboard/dashboard-sidebar.tsx(191,52): error TS2339: Property 'username' does not exist on type 'Profile'.
components/dashboard/dashboard-sidebar.tsx(286,52): error TS2339: Property 'username' does not exist on type 'Profile'.
components/messages/call-modal.tsx(570,63): error TS2769: No overload matches this call.
  The last overload gave the following error.
    Object literal may only specify known properties, and 'className' does not exist in type 'Partial<unknown> & Attributes'.
components/messages/call-modal.tsx(646,62): error TS2353: Object literal may only specify known properties, and 'participant' does not exist in type 'TrackSourceWithOptions'.
components/messages/call-modal.tsx(658,29): error TS2322: Type 'TrackReferenceOrPlaceholder' is not assignable to type 'TrackReference | undefined'.
  Type 'TrackReferencePlaceholder' is not assignable to type 'TrackReference'.
    Types of property 'publication' are incompatible.
      Type 'undefined' is not assignable to type 'TrackPublication'.
components/messages/messages-interface.tsx(209,36): error TS2352: Conversion of type '{ success: boolean; counts: Record<string, number>; }' to type 'Record<string, number>' may be a mistake because neither type sufficiently overlaps with the other. If this was intentional, convert the expression to 'unknown' first.
  Property 'success' is incompatible with index signature.
    Type 'boolean' is not comparable to type 'number'.
components/messages/messages-interface.tsx(788,26): error TS2304: Cannot find name 'generateResponse'.
components/notifications/notification-panel.tsx(37,68): error TS2339: Property 'permissionStatus' does not exist on type 'NotificationEngineContextType'.
components/notifications/notification-panel.tsx(37,86): error TS2339: Property 'requestPermission' does not exist on type 'NotificationEngineContextType'.
components/profile/profile-section-modals.tsx(88,71): error TS2345: Argument of type '{ title: string; company: string; location: string; description: string; start_date: string; end_date: string | null; current: boolean; }' is not assignable to parameter of type 'Partial<ExperienceForm>'.
  Types of property 'end_date' are incompatible.
    Type 'string | null' is not assignable to type 'string | undefined'.
      Type 'null' is not assignable to type 'string | undefined'.
components/reports/report-detail-dialog.tsx(57,58): error TS2339: Property 'admin_rating' does not exist on type 'DailyReport'.
components/reports/report-detail-dialog.tsx(138,53): error TS2339: Property 'admin_rating' does not exist on type 'DailyReport'.
components/reports/report-detail-dialog.tsx(140,43): error TS2339: Property 'admin_rating' does not exist on type 'DailyReport'.
components/reports/report-detail-dialog.tsx(141,77): error TS2339: Property 'admin_rating' does not exist on type 'DailyReport'.
components/reports/report-detail-dialog.tsx(239,25): error TS2339: Property 'admin_rating' does not exist on type 'DailyReport'.
components/reports/report-detail-dialog.tsx(240,45): error TS2339: Property 'admin_rating' does not exist on type 'DailyReport'.
components/rewards/reward-dialog.tsx(89,58): error TS2345: Argument of type '{ name: string; description: string | null; points_required: number; icon: string; is_active: boolean; }' is not assignable to parameter of type 'Partial<Omit<Reward, "id" | "created_at" | "updated_at">>'.
  Types of property 'description' are incompatible.
    Type 'string | null' is not assignable to type 'string | undefined'.
      Type 'null' is not assignable to type 'string | undefined'.
components/rewards/reward-dialog.tsx(91,47): error TS2345: Argument of type '{ name: string; description: string | null; points_required: number; icon: string; is_active: boolean; }' is not assignable to parameter of type 'Omit<Reward, "id" | "created_at" | "updated_at">'.
  Types of property 'description' are incompatible.
    Type 'string | null' is not assignable to type 'string'.
      Type 'null' is not assignable to type 'string'.
components/tasks/task-dialog.tsx(75,17): error TS2339: Property 'updateTaskAction' does not exist on type 'typeof import("C:/Users/Joshua/Downloads/intern-management-platform (2)/app/actions/tasks")'.
lib/ai/clone-personality.ts(4,30): error TS2724: '"./model-adapter"' has no exported member named 'AISettings'. Did you mean 'getAISettings'?
lib/ai/model-adapter.ts(30,43): error TS2307: Cannot find module '@ai-sdk/openai' or its corresponding type declarations.
lib/ai/providers/anthropic.ts(1,10): error TS2305: Module '"ai"' has no exported member 'CoreMessage'.
lib/ai/providers/anthropic.ts(29,13): error TS2322: Type '{ totalTokens: number | undefined; } | undefined' is not assignable to type '{ totalTokens: number; } | undefined'.
  Type '{ totalTokens: number | undefined; }' is not assignable to type '{ totalTokens: number; }'.
    Types of property 'totalTokens' are incompatible.
      Type 'number | undefined' is not assignable to type 'number'.
        Type 'undefined' is not assignable to type 'number'.
lib/ai/providers/bedrock.ts(1,10): error TS2305: Module '"ai"' has no exported member 'CoreMessage'.
lib/ai/providers/bedrock.ts(2,10): error TS2305: Module '"@ai-sdk/amazon-bedrock"' has no exported member 'createBedrock'.
lib/ai/providers/bedrock.ts(31,13): error TS2322: Type '{ totalTokens: number | undefined; } | undefined' is not assignable to type '{ totalTokens: number; } | undefined'.
  Type '{ totalTokens: number | undefined; }' is not assignable to type '{ totalTokens: number; }'.
    Types of property 'totalTokens' are incompatible.
      Type 'number | undefined' is not assignable to type 'number'.
        Type 'undefined' is not assignable to type 'number'.
lib/ai/providers/cohere.ts(1,10): error TS2305: Module '"ai"' has no exported member 'CoreMessage'.
lib/ai/providers/cohere.ts(29,13): error TS2322: Type '{ totalTokens: number | undefined; } | undefined' is not assignable to type '{ totalTokens: number; } | undefined'.
  Type '{ totalTokens: number | undefined; }' is not assignable to type '{ totalTokens: number; }'.
    Types of property 'totalTokens' are incompatible.
      Type 'number | undefined' is not assignable to type 'number'.
        Type 'undefined' is not assignable to type 'number'.
lib/ai/providers/gemini.ts(1,10): error TS2305: Module '"ai"' has no exported member 'CoreMessage'.
lib/ai/providers/gemini.ts(29,13): error TS2322: Type '{ totalTokens: number | undefined; } | undefined' is not assignable to type '{ totalTokens: number; } | undefined'.
  Type '{ totalTokens: number | undefined; }' is not assignable to type '{ totalTokens: number; }'.
    Types of property 'totalTokens' are incompatible.
      Type 'number | undefined' is not assignable to type 'number'.
        Type 'undefined' is not assignable to type 'number'.
lib/ai/providers/groq.ts(1,10): error TS2305: Module '"ai"' has no exported member 'CoreMessage'.
lib/ai/providers/groq.ts(2,30): error TS2307: Cannot find module '@ai-sdk/openai' or its corresponding type declarations.
lib/ai/providers/groq.ts(31,13): error TS2322: Type '{ totalTokens: number | undefined; } | undefined' is not assignable to type '{ totalTokens: number; } | undefined'.
  Type '{ totalTokens: number | undefined; }' is not assignable to type '{ totalTokens: number; }'.
    Types of property 'totalTokens' are incompatible.
      Type 'number | undefined' is not assignable to type 'number'.
        Type 'undefined' is not assignable to type 'number'.
lib/ai/providers/local-llm.ts(1,10): error TS2305: Module '"ai"' has no exported member 'CoreMessage'.
lib/ai/providers/local-llm.ts(2,30): error TS2307: Cannot find module '@ai-sdk/openai' or its corresponding type declarations.
lib/ai/providers/local-llm.ts(34,13): error TS2322: Type '{ totalTokens: number | undefined; } | undefined' is not assignable to type '{ totalTokens: number; } | undefined'.
  Type '{ totalTokens: number | undefined; }' is not assignable to type '{ totalTokens: number; }'.
    Types of property 'totalTokens' are incompatible.
      Type 'number | undefined' is not assignable to type 'number'.
        Type 'undefined' is not assignable to type 'number'.
lib/ai/providers/mistral.ts(1,10): error TS2305: Module '"ai"' has no exported member 'CoreMessage'.
lib/ai/providers/mistral.ts(29,13): error TS2322: Type '{ totalTokens: number | undefined; } | undefined' is not assignable to type '{ totalTokens: number; } | undefined'.
  Type '{ totalTokens: number | undefined; }' is not assignable to type '{ totalTokens: number; }'.
    Types of property 'totalTokens' are incompatible.
      Type 'number | undefined' is not assignable to type 'number'.
        Type 'undefined' is not assignable to type 'number'.
lib/ai/providers/ollama.ts(1,10): error TS2305: Module '"ai"' has no exported member 'CoreMessage'.
lib/ai/providers/ollama.ts(29,13): error TS2322: Type '{ totalTokens: number | undefined; } | undefined' is not assignable to type '{ totalTokens: number; } | undefined'.
  Type '{ totalTokens: number | undefined; }' is not assignable to type '{ totalTokens: number; }'.
    Types of property 'totalTokens' are incompatible.
      Type 'number | undefined' is not assignable to type 'number'.
        Type 'undefined' is not assignable to type 'number'.
lib/ai/providers/openai.ts(1,10): error TS2305: Module '"ai"' has no exported member 'CoreMessage'.
lib/ai/providers/openai.ts(2,30): error TS2307: Cannot find module '@ai-sdk/openai' or its corresponding type declarations.
lib/ai/providers/openai.ts(30,13): error TS2322: Type '{ totalTokens: number | undefined; } | undefined' is not assignable to type '{ totalTokens: number; } | undefined'.
  Type '{ totalTokens: number | undefined; }' is not assignable to type '{ totalTokens: number; }'.
    Types of property 'totalTokens' are incompatible.
      Type 'number | undefined' is not assignable to type 'number'.
        Type 'undefined' is not assignable to type 'number'.
lib/ai/providers/openrouter.ts(1,10): error TS2305: Module '"ai"' has no exported member 'CoreMessage'.
lib/ai/providers/openrouter.ts(2,30): error TS2307: Cannot find module '@ai-sdk/openai' or its corresponding type declarations.
lib/ai/providers/openrouter.ts(30,13): error TS2322: Type '{ totalTokens: number | undefined; } | undefined' is not assignable to type '{ totalTokens: number; } | undefined'.
  Type '{ totalTokens: number | undefined; }' is not assignable to type '{ totalTokens: number; }'.
    Types of property 'totalTokens' are incompatible.
      Type 'number | undefined' is not assignable to type 'number'.
        Type 'undefined' is not assignable to type 'number'.
lib/ai/providers/perplexity.ts(1,10): error TS2305: Module '"ai"' has no exported member 'CoreMessage'.
lib/ai/providers/perplexity.ts(29,13): error TS2322: Type '{ totalTokens: number | undefined; } | undefined' is not assignable to type '{ totalTokens: number; } | undefined'.
  Type '{ totalTokens: number | undefined; }' is not assignable to type '{ totalTokens: number; }'.
    Types of property 'totalTokens' are incompatible.
      Type 'number | undefined' is not assignable to type 'number'.
        Type 'undefined' is not assignable to type 'number'.
lib/auth.ts(2,10): error TS2305: Module '"next/navigation"' has no exported member 'isRedirectError'.
lib/types/profile.ts(118,18): error TS2430: Interface 'FullProfile' incorrectly extends interface 'Profile'.
  Types of property 'skills' are incompatible.
    Type 'ProfileSkill[]' is not assignable to type 'string[]'.
      Type 'ProfileSkill' is not assignable to type 'string'.
providers/ably-provider.tsx(201,41): error TS2769: No overload matches this call.
  Overload 1 of 2, '(options: ClientOptions<CorePlugins>): Realtime', gave the following error.
    Object literal may only specify known properties, and 'channelRetryTimeout' does not exist in type 'ClientOptions<CorePlugins>'.
  Overload 2 of 2, '(keyOrToken: string): Realtime', gave the following error.
    Argument of type '{ authUrl: string; autoConnect: boolean; disconnectedRetryTimeout: number; suspendedRetryTimeout: number; channelRetryTimeout: number; closeOnUnload: boolean; }' is not assignable to parameter of type 'string'.
scripts/check-db.ts(2,25): error TS2307: Cannot find module 'dotenv' or its corresponding type declarations.
scripts/check_col.ts(3,25): error TS2307: Cannot find module 'dotenv' or its corresponding type declarations.
scripts/debug-rewards.ts(3,25): error TS2307: Cannot find module 'dotenv' or its corresponding type declarations.
scripts/debug-tracking.ts(2,25): error TS2307: Cannot find module 'dotenv' or its corresponding type declarations.
scripts/migrate_settings.ts(3,25): error TS2307: Cannot find module 'dotenv' or its corresponding type declarations.
scripts/test_auth_config.ts(1,10): error TS2614: Module '"../middleware"' has no exported member 'matcher'. Did you mean to use 'import matcher from "../middleware"' instead?
temp_whisper/backend/src/app.ts(1,21): error TS2307: Cannot find module 'express' or its corresponding type declarations.
temp_whisper/backend/src/app.ts(3,18): error TS2307: Cannot find module 'cors' or its corresponding type declarations.
temp_whisper/backend/src/app.ts(5,33): error TS2307: Cannot find module '@clerk/express' or its corresponding type declarations.
temp_whisper/backend/src/app.ts(31,21): error TS7006: Parameter 'req' implicitly has an 'any' type.
temp_whisper/backend/src/app.ts(31,26): error TS7006: Parameter 'res' implicitly has an 'any' type.
temp_whisper/backend/src/app.ts(47,23): error TS7006: Parameter '_' implicitly has an 'any' type.
temp_whisper/backend/src/app.ts(47,26): error TS7006: Parameter 'res' implicitly has an 'any' type.
temp_whisper/backend/src/config/database.ts(1,22): error TS2307: Cannot find module 'mongoose' or its corresponding type declarations.
temp_whisper/backend/src/controllers/authController.ts(1,54): error TS2307: Cannot find module 'express' or its corresponding type declarations.
temp_whisper/backend/src/controllers/authController.ts(4,38): error TS2307: Cannot find module '@clerk/express' or its corresponding type declarations.
temp_whisper/backend/src/controllers/chatController.ts(1,45): error TS2307: Cannot find module 'express' or its corresponding type declarations.
temp_whisper/backend/src/controllers/chatController.ts(4,23): error TS2307: Cannot find module 'mongoose' or its corresponding type declarations.
temp_whisper/backend/src/controllers/chatController.ts(15,39): error TS7006: Parameter 'chat' implicitly has an 'any' type.
temp_whisper/backend/src/controllers/chatController.ts(16,56): error TS7006: Parameter 'p' implicitly has an 'any' type.
temp_whisper/backend/src/controllers/messageController.ts(1,45): error TS2307: Cannot find module 'express' or its corresponding type declarations.
temp_whisper/backend/src/controllers/userController.ts(1,45): error TS2307: Cannot find module 'express' or its corresponding type declarations.
temp_whisper/backend/src/middleware/auth.ts(1,54): error TS2307: Cannot find module 'express' or its corresponding type declarations.
temp_whisper/backend/src/middleware/auth.ts(2,25): error TS2307: Cannot find module '@clerk/express' or its corresponding type declarations.
temp_whisper/backend/src/middleware/auth.ts(4,29): error TS2307: Cannot find module '@clerk/express' or its corresponding type declarations.
temp_whisper/backend/src/middleware/errorHandler.ts(1,54): error TS2307: Cannot find module 'express' or its corresponding type declarations.
temp_whisper/backend/src/models/Chat.ts(1,49): error TS2307: Cannot find module 'mongoose' or its corresponding type declarations.
temp_whisper/backend/src/models/Message.ts(1,49): error TS2307: Cannot find module 'mongoose' or its corresponding type declarations.
temp_whisper/backend/src/models/User.ts(1,49): error TS2307: Cannot find module 'mongoose' or its corresponding type declarations.
temp_whisper/backend/src/routes/authRoutes.ts(1,24): error TS2307: Cannot find module 'express' or its corresponding type declarations.
temp_whisper/backend/src/routes/chatRoutes.ts(1,24): error TS2307: Cannot find module 'express' or its corresponding type declarations.
temp_whisper/backend/src/routes/messageRoutes.ts(1,24): error TS2307: Cannot find module 'express' or its corresponding type declarations.
temp_whisper/backend/src/routes/userRoutes.ts(1,24): error TS2307: Cannot find module 'express' or its corresponding type declarations.
temp_whisper/backend/src/scripts/seed.ts(1,22): error TS2307: Cannot find module 'mongoose' or its corresponding type declarations.
temp_whisper/backend/src/scripts/seed.ts(76,20): error TS7006: Parameter 'user' implicitly has an 'any' type.
temp_whisper/backend/src/utils/socket.ts(1,48): error TS2307: Cannot find module 'socket.io' or its corresponding type declarations.
temp_whisper/backend/src/utils/socket.ts(3,29): error TS2307: Cannot find module '@clerk/express' or its corresponding type declarations.
temp_whisper/backend/src/utils/socket.ts(22,17): error TS7006: Parameter 'socket' implicitly has an 'any' type.
temp_whisper/backend/src/utils/socket.ts(22,25): error TS7006: Parameter 'next' implicitly has an 'any' type.
temp_whisper/backend/src/utils/socket.ts(44,24): error TS7006: Parameter 'socket' implicitly has an 'any' type.
temp_whisper/mobile/app/(auth)/_layout.tsx(1,25): error TS2307: Cannot find module '@clerk/clerk-expo' or its corresponding type declarations.
temp_whisper/mobile/app/(auth)/_layout.tsx(2,33): error TS2307: Cannot find module 'expo-router' or its corresponding type declarations.
temp_whisper/mobile/app/(auth)/index.tsx(1,70): error TS2307: Cannot find module 'react-native' or its corresponding type declarations.
temp_whisper/mobile/app/(auth)/index.tsx(2,30): error TS2307: Cannot find module 'react-native-safe-area-context' or its corresponding type declarations.
temp_whisper/mobile/app/(auth)/index.tsx(3,23): error TS2307: Cannot find module 'expo-image' or its corresponding type declarations.
temp_whisper/mobile/app/(auth)/index.tsx(4,26): error TS2307: Cannot find module '@expo/vector-icons' or its corresponding type declarations.
temp_whisper/mobile/app/(auth)/index.tsx(5,27): error TS2307: Cannot find module '@/hooks/useSocialAuth' or its corresponding type declarations.
temp_whisper/mobile/app/(auth)/index.tsx(6,32): error TS2307: Cannot find module 'expo-linear-gradient' or its corresponding type declarations.
temp_whisper/mobile/app/(auth)/index.tsx(7,29): error TS2307: Cannot find module '@/components/AnimatedOrb' or its corresponding type declarations.
temp_whisper/mobile/app/(auth)/index.tsx(8,26): error TS2307: Cannot find module 'expo-blur' or its corresponding type declarations.
temp_whisper/mobile/app/(tabs)/_layout.tsx(1,32): error TS2307: Cannot find module 'expo-router' or its corresponding type declarations.
temp_whisper/mobile/app/(tabs)/_layout.tsx(2,26): error TS2307: Cannot find module '@expo/vector-icons' or its corresponding type declarations.
temp_whisper/mobile/app/(tabs)/_layout.tsx(3,25): error TS2307: Cannot find module '@clerk/clerk-expo' or its corresponding type declarations.
temp_whisper/mobile/app/(tabs)/_layout.tsx(31,26): error TS7031: Binding element 'color' implicitly has an 'any' type.
temp_whisper/mobile/app/(tabs)/_layout.tsx(31,33): error TS7031: Binding element 'focused' implicitly has an 'any' type.
temp_whisper/mobile/app/(tabs)/_layout.tsx(31,42): error TS7031: Binding element 'size' implicitly has an 'any' type.
temp_whisper/mobile/app/(tabs)/_layout.tsx(44,26): error TS7031: Binding element 'color' implicitly has an 'any' type.
temp_whisper/mobile/app/(tabs)/_layout.tsx(44,33): error TS7031: Binding element 'focused' implicitly has an 'any' type.
temp_whisper/mobile/app/(tabs)/_layout.tsx(44,42): error TS7031: Binding element 'size' implicitly has an 'any' type.
temp_whisper/mobile/app/(tabs)/index.tsx(1,22): error TS2307: Cannot find module '@/components/ChatItem' or its corresponding type declarations.
temp_whisper/mobile/app/(tabs)/index.tsx(2,21): error TS2307: Cannot find module '@/components/EmptyUI' or its corresponding type declarations.
temp_whisper/mobile/app/(tabs)/index.tsx(3,26): error TS2307: Cannot find module '@/hooks/useChats' or its corresponding type declarations.
temp_whisper/mobile/app/(tabs)/index.tsx(4,22): error TS2307: Cannot find module '@/types' or its corresponding type declarations.
temp_whisper/mobile/app/(tabs)/index.tsx(5,26): error TS2307: Cannot find module '@expo/vector-icons' or its corresponding type declarations.
temp_whisper/mobile/app/(tabs)/index.tsx(6,27): error TS2307: Cannot find module 'expo-router' or its corresponding type declarations.
temp_whisper/mobile/app/(tabs)/index.tsx(7,68): error TS2307: Cannot find module 'react-native' or its corresponding type declarations.
temp_whisper/mobile/app/(tabs)/index.tsx(48,24): error TS7006: Parameter 'item' implicitly has an 'any' type.
temp_whisper/mobile/app/(tabs)/index.tsx(49,24): error TS7031: Binding element 'item' implicitly has an 'any' type.
temp_whisper/mobile/app/(tabs)/profile.tsx(1,34): error TS2307: Cannot find module '@clerk/clerk-expo' or its corresponding type declarations.
temp_whisper/mobile/app/(tabs)/profile.tsx(2,51): error TS2307: Cannot find module 'react-native' or its corresponding type declarations.
temp_whisper/mobile/app/(tabs)/profile.tsx(3,23): error TS2307: Cannot find module 'expo-image' or its corresponding type declarations.
temp_whisper/mobile/app/(tabs)/profile.tsx(4,26): error TS2307: Cannot find module '@expo/vector-icons' or its corresponding type declarations.
temp_whisper/mobile/app/_layout.tsx(1,23): error TS2307: Cannot find module 'expo-router' or its corresponding type declarations.
temp_whisper/mobile/app/_layout.tsx(3,31): error TS2307: Cannot find module '@clerk/clerk-expo' or its corresponding type declarations.
temp_whisper/mobile/app/_layout.tsx(4,50): error TS2307: Cannot find module '@tanstack/react-query' or its corresponding type declarations.
temp_whisper/mobile/app/_layout.tsx(5,28): error TS2307: Cannot find module '@clerk/clerk-expo/token-cache' or its corresponding type declarations.
temp_whisper/mobile/app/_layout.tsx(6,22): error TS2307: Cannot find module '@/components/AuthSync' or its corresponding type declarations.
temp_whisper/mobile/app/_layout.tsx(7,27): error TS2307: Cannot find module 'expo-status-bar' or its corresponding type declarations.
temp_whisper/mobile/app/_layout.tsx(8,25): error TS2307: Cannot find module '@sentry/react-native' or its corresponding type declarations.
temp_whisper/mobile/app/_layout.tsx(9,30): error TS2307: Cannot find module '@/components/SocketConnection' or its corresponding type declarations.
temp_whisper/mobile/app/chat/[id].tsx(1,21): error TS2307: Cannot find module '@/components/EmptyUI' or its corresponding type declarations.
temp_whisper/mobile/app/chat/[id].tsx(2,27): error TS2307: Cannot find module '@/components/MessageBubble' or its corresponding type declarations.
temp_whisper/mobile/app/chat/[id].tsx(3,32): error TS2307: Cannot find module '@/hooks/useAuth' or its corresponding type declarations.
temp_whisper/mobile/app/chat/[id].tsx(4,29): error TS2307: Cannot find module '@/hooks/useMessages' or its corresponding type declarations.
temp_whisper/mobile/app/chat/[id].tsx(5,32): error TS2307: Cannot find module '@/lib/socket' or its corresponding type declarations.
temp_whisper/mobile/app/chat/[id].tsx(6,31): error TS2307: Cannot find module '@/types' or its corresponding type declarations.
temp_whisper/mobile/app/chat/[id].tsx(7,26): error TS2307: Cannot find module '@expo/vector-icons' or its corresponding type declarations.
temp_whisper/mobile/app/chat/[id].tsx(8,23): error TS2307: Cannot find module 'expo-image' or its corresponding type declarations.
temp_whisper/mobile/app/chat/[id].tsx(9,46): error TS2307: Cannot find module 'expo-router' or its corresponding type declarations.
temp_whisper/mobile/app/chat/[id].tsx(20,8): error TS2307: Cannot find module 'react-native' or its corresponding type declarations.
temp_whisper/mobile/app/chat/[id].tsx(22,30): error TS2307: Cannot find module 'react-native-safe-area-context' or its corresponding type declarations.
temp_whisper/mobile/app/chat/[id].tsx(178,30): error TS7006: Parameter 'message' implicitly has an 'any' type.
temp_whisper/mobile/app/new-chat/_layout.tsx(1,23): error TS2307: Cannot find module 'expo-router' or its corresponding type declarations.
temp_whisper/mobile/app/new-chat/index.tsx(1,22): error TS2307: Cannot find module '@/components/UserItem' or its corresponding type declarations.
temp_whisper/mobile/app/new-chat/index.tsx(2,36): error TS2307: Cannot find module '@/hooks/useChats' or its corresponding type declarations.
temp_whisper/mobile/app/new-chat/index.tsx(3,26): error TS2307: Cannot find module '@/hooks/useUsers' or its corresponding type declarations.
temp_whisper/mobile/app/new-chat/index.tsx(4,32): error TS2307: Cannot find module '@/lib/socket' or its corresponding type declarations.
temp_whisper/mobile/app/new-chat/index.tsx(5,22): error TS2307: Cannot find module '@/types' or its corresponding type declarations.
temp_whisper/mobile/app/new-chat/index.tsx(6,26): error TS2307: Cannot find module '@expo/vector-icons' or its corresponding type declarations.
temp_whisper/mobile/app/new-chat/index.tsx(7,24): error TS2307: Cannot find module 'expo-router' or its corresponding type declarations.
temp_whisper/mobile/app/new-chat/index.tsx(9,81): error TS2307: Cannot find module 'react-native' or its corresponding type declarations.
temp_whisper/mobile/app/new-chat/index.tsx(10,30): error TS2307: Cannot find module 'react-native-safe-area-context' or its corresponding type declarations.
temp_whisper/mobile/app/new-chat/index.tsx(20,35): error TS7006: Parameter 'u' implicitly has an 'any' type.
temp_whisper/mobile/app/new-chat/index.tsx(28,19): error TS7006: Parameter 'chat' implicitly has an 'any' type.
temp_whisper/mobile/app/new-chat/index.tsx(103,29): error TS7006: Parameter 'user' implicitly has an 'any' type.
temp_whisper/mobile/components/AnimatedOrb.tsx(9,8): error TS2307: Cannot find module 'react-native-reanimated' or its corresponding type declarations.
temp_whisper/mobile/components/AnimatedOrb.tsx(10,32): error TS2307: Cannot find module 'expo-linear-gradient' or its corresponding type declarations.
temp_whisper/mobile/components/AuthSync.tsx(1,33): error TS2307: Cannot find module '@/hooks/useAuth' or its corresponding type declarations.
temp_whisper/mobile/components/AuthSync.tsx(3,34): error TS2307: Cannot find module '@clerk/clerk-expo' or its corresponding type declarations.
temp_whisper/mobile/components/AuthSync.tsx(4,25): error TS2307: Cannot find module '@sentry/react-native' or its corresponding type declarations.
temp_whisper/mobile/components/AuthSync.tsx(17,21): error TS7006: Parameter 'data' implicitly has an 'any' type.
temp_whisper/mobile/components/AuthSync.tsx(24,19): error TS7006: Parameter 'error' implicitly has an 'any' type.
temp_whisper/mobile/components/ChatItem.tsx(1,22): error TS2307: Cannot find module '@/types' or its corresponding type declarations.
temp_whisper/mobile/components/ChatItem.tsx(2,23): error TS2307: Cannot find module 'expo-image' or its corresponding type declarations.
temp_whisper/mobile/components/ChatItem.tsx(3,39): error TS2307: Cannot find module 'react-native' or its corresponding type declarations.
temp_whisper/mobile/components/ChatItem.tsx(5,32): error TS2307: Cannot find module '@/lib/socket' or its corresponding type declarations.
temp_whisper/mobile/components/EmptyUI.tsx(1,26): error TS2307: Cannot find module '@expo/vector-icons' or its corresponding type declarations.
temp_whisper/mobile/components/EmptyUI.tsx(2,39): error TS2307: Cannot find module 'react-native' or its corresponding type declarations.
temp_whisper/mobile/components/MessageBubble.tsx(1,25): error TS2307: Cannot find module '@/types' or its corresponding type declarations.
temp_whisper/mobile/components/MessageBubble.tsx(2,28): error TS2307: Cannot find module 'react-native' or its corresponding type declarations.
temp_whisper/mobile/components/SocketConnection.tsx(1,32): error TS2307: Cannot find module '@/lib/socket' or its corresponding type declarations.
temp_whisper/mobile/components/SocketConnection.tsx(2,25): error TS2307: Cannot find module '@clerk/clerk-expo' or its corresponding type declarations.
temp_whisper/mobile/components/SocketConnection.tsx(3,32): error TS2307: Cannot find module '@tanstack/react-query' or its corresponding type declarations.
temp_whisper/mobile/components/SocketConnection.tsx(9,35): error TS7006: Parameter 'state' implicitly has an 'any' type.
temp_whisper/mobile/components/SocketConnection.tsx(10,38): error TS7006: Parameter 'state' implicitly has an 'any' type.
temp_whisper/mobile/components/SocketConnection.tsx(14,24): error TS7006: Parameter 'token' implicitly has an 'any' type.
temp_whisper/mobile/components/UserItem.tsx(1,27): error TS2307: Cannot find module '@/types' or its corresponding type declarations.
temp_whisper/mobile/components/UserItem.tsx(2,23): error TS2307: Cannot find module 'expo-image' or its corresponding type declarations.
temp_whisper/mobile/components/UserItem.tsx(3,39): error TS2307: Cannot find module 'react-native' or its corresponding type declarations.
temp_whisper/mobile/hooks/useAuth.ts(1,24): error TS2307: Cannot find module '@/lib/axios' or its corresponding type declarations.
temp_whisper/mobile/hooks/useAuth.ts(2,22): error TS2307: Cannot find module '@/types' or its corresponding type declarations.
temp_whisper/mobile/hooks/useAuth.ts(3,39): error TS2307: Cannot find module '@tanstack/react-query' or its corresponding type declarations.
temp_whisper/mobile/hooks/useChats.ts(1,24): error TS2307: Cannot find module '@/lib/axios' or its corresponding type declarations.
temp_whisper/mobile/hooks/useChats.ts(2,27): error TS2307: Cannot find module '@/types' or its corresponding type declarations.
temp_whisper/mobile/hooks/useChats.ts(4,55): error TS2307: Cannot find module '@tanstack/react-query' or its corresponding type declarations.
temp_whisper/mobile/hooks/useMessages.ts(1,26): error TS2307: Cannot find module '@tanstack/react-query' or its corresponding type declarations.
temp_whisper/mobile/hooks/useMessages.ts(2,24): error TS2307: Cannot find module '@/lib/axios' or its corresponding type declarations.
temp_whisper/mobile/hooks/useMessages.ts(3,30): error TS2307: Cannot find module '@/types' or its corresponding type declarations.
temp_whisper/mobile/hooks/useSocialAuth.ts(1,24): error TS2307: Cannot find module '@clerk/clerk-expo' or its corresponding type declarations.
temp_whisper/mobile/hooks/useSocialAuth.ts(3,23): error TS2307: Cannot find module 'react-native' or its corresponding type declarations.
temp_whisper/mobile/hooks/useUsers.ts(1,26): error TS2307: Cannot find module '@tanstack/react-query' or its corresponding type declarations.
temp_whisper/mobile/hooks/useUsers.ts(2,27): error TS2307: Cannot find module '@/types' or its corresponding type declarations.
temp_whisper/mobile/hooks/useUsers.ts(3,24): error TS2307: Cannot find module '@/lib/axios' or its corresponding type declarations.
temp_whisper/mobile/lib/axios.ts(2,25): error TS2307: Cannot find module '@sentry/react-native' or its corresponding type declarations.
temp_whisper/mobile/lib/axios.ts(3,25): error TS2307: Cannot find module '@clerk/clerk-expo' or its corresponding type declarations.
temp_whisper/mobile/lib/socket.ts(1,24): error TS2307: Cannot find module 'zustand' or its corresponding type declarations.
temp_whisper/mobile/lib/socket.ts(2,28): error TS2307: Cannot find module 'socket.io-client' or its corresponding type declarations.
temp_whisper/mobile/lib/socket.ts(3,29): error TS2307: Cannot find module '@tanstack/react-query' or its corresponding type declarations.
temp_whisper/mobile/lib/socket.ts(4,46): error TS2307: Cannot find module '@/types' or its corresponding type declarations.
temp_whisper/mobile/lib/socket.ts(5,25): error TS2307: Cannot find module '@sentry/react-native' or its corresponding type declarations.
temp_whisper/mobile/lib/socket.ts(26,52): error TS7006: Parameter 'set' implicitly has an 'any' type.
temp_whisper/mobile/lib/socket.ts(26,57): error TS7006: Parameter 'get' implicitly has an 'any' type.
temp_whisper/mobile/lib/socket.ts(35,13): error TS7006: Parameter 'token' implicitly has an 'any' type.
temp_whisper/mobile/lib/socket.ts(35,20): error TS7006: Parameter 'queryClient' implicitly has an 'any' type.
temp_whisper/mobile/lib/socket.ts(61,12): error TS7006: Parameter 'state' implicitly has an 'any' type.
temp_whisper/mobile/lib/socket.ts(67,12): error TS7006: Parameter 'state' implicitly has an 'any' type.
temp_whisper/mobile/lib/socket.ts(86,7): error TS2347: Untyped function calls may not accept type arguments.
temp_whisper/mobile/lib/socket.ts(86,72): error TS7006: Parameter 'old' implicitly has an 'any' type.
temp_whisper/mobile/lib/socket.ts(89,38): error TS7006: Parameter 'm' implicitly has an 'any' type.
temp_whisper/mobile/lib/socket.ts(90,28): error TS7006: Parameter 'm' implicitly has an 'any' type.
temp_whisper/mobile/lib/socket.ts(95,7): error TS2347: Untyped function calls may not accept type arguments.
temp_whisper/mobile/lib/socket.ts(95,52): error TS7006: Parameter 'oldChats' implicitly has an 'any' type.
temp_whisper/mobile/lib/socket.ts(96,31): error TS7006: Parameter 'chat' implicitly has an 'any' type.
temp_whisper/mobile/lib/socket.ts(115,23): error TS2347: Untyped function calls may not accept type arguments.
temp_whisper/mobile/lib/socket.ts(116,35): error TS7006: Parameter 'c' implicitly has an 'any' type.
temp_whisper/mobile/lib/socket.ts(118,16): error TS7006: Parameter 'state' implicitly has an 'any' type.
temp_whisper/mobile/lib/socket.ts(125,12): error TS7006: Parameter 'state' implicitly has an 'any' type.
temp_whisper/mobile/lib/socket.ts(135,14): error TS7006: Parameter 'state' implicitly has an 'any' type.
temp_whisper/mobile/lib/socket.ts(163,14): error TS7006: Parameter 'chatId' implicitly has an 'any' type.
temp_whisper/mobile/lib/socket.ts(165,10): error TS7006: Parameter 'state' implicitly has an 'any' type.
temp_whisper/mobile/lib/socket.ts(175,15): error TS7006: Parameter 'chatId' implicitly has an 'any' type.
temp_whisper/mobile/lib/socket.ts(182,17): error TS7006: Parameter 'chatId' implicitly has an 'any' type.
temp_whisper/mobile/lib/socket.ts(182,25): error TS7006: Parameter 'text' implicitly has an 'any' type.
temp_whisper/mobile/lib/socket.ts(182,31): error TS7006: Parameter 'currentUser' implicitly has an 'any' type.
temp_whisper/mobile/lib/socket.ts(198,5): error TS2347: Untyped function calls may not accept type arguments.
temp_whisper/mobile/lib/socket.ts(198,64): error TS7006: Parameter 'old' implicitly has an 'any' type.
temp_whisper/mobile/lib/socket.ts(212,7): error TS2347: Untyped function calls may not accept type arguments.
temp_whisper/mobile/lib/socket.ts(212,66): error TS7006: Parameter 'old' implicitly has an 'any' type.
temp_whisper/mobile/lib/socket.ts(214,28): error TS7006: Parameter 'm' implicitly has an 'any' type.
temp_whisper/mobile/lib/socket.ts(222,16): error TS7006: Parameter 'chatId' implicitly has an 'any' type.
temp_whisper/mobile/lib/socket.ts(222,24): error TS7006: Parameter 'isTyping' implicitly has an 'any' type.
